2022-12-01 00:44:36.929  8809-8839  AirPods                 com.dosse.airpods                    D  Left: 9$ Right: 9$ Case: 15 Model: airpodspro
2022-12-01 00:44:37.955  8809-8839  AirPods                 com.dosse.airpods                    D  Left: 9$ Right: 9$ Case: 15 Model: airpodspro
2022-12-01 00:44:38.999  8809-8839  AirPods                 com.dosse.airpods                    D  Left: 9$ Right: 9$ Case: 15 Model: airpodspro
2022-12-01 00:44:39.325  8809-8809  AirPods                 com.dosse.airpods                    D  -95db
2022-12-01 00:44:39.326  8809-8809  AirPods                 com.dosse.airpods                    D  String: 0719010E200B888F000004285EC05CA54E20C92AB5EDE6C0A028BE
2022-12-01 00:44:39.326  8809-8809  AirPods                 com.dosse.airpods                    D  -91db
2022-12-01 00:44:39.326  8809-8809  AirPods                 com.dosse.airpods                    D  String: 0719010E200B888F00000477B51F536D6270E7C9FAA3976DA7717A
2022-12-01 00:44:39.326  8809-8809  AirPods                 com.dosse.airpods                    D  -67db
2022-12-01 00:44:39.327  8809-8809  AirPods                 com.dosse.airpods                    D  String: 0719010E200B998F010004CB2E5C1D68CCC8A91A774F4BC7678DF8
2022-12-01 00:44:40.047  8809-8839  AirPods                 com.dosse.airpods                    D  Left: 9$ Right: 9$ Case: 15 Model: airpodspro
2022-12-01 00:44:41.098  8809-8839  AirPods                 com.dosse.airpods                    D  Left: 9$ Right: 9$ Case: 15 Model: airpodspro
2022-12-01 00:44:42.146  8809-8839  AirPods                 com.dosse.airpods                    D  Left: 9$ Right: 9$ Case: 15 Model: airpodspro
2022-12-01 00:44:43.193  8809-8839  AirPods                 com.dosse.airpods                    D  Left: 9$ Right: 9$ Case: 15 Model: airpodspro
2022-12-01 00:44:44.220  8809-8839  AirPods                 com.dosse.airpods                    D  Left: 9$ Right: 9$ Case: 15 Model: airpodspro
2022-12-01 00:44:44.846  8809-8809  AirPods                 com.dosse.airpods                    D  -61db
2022-12-01 00:44:44.847  8809-8809  AirPods                 com.dosse.airpods                    D  String: 0719010E200B998F010004CB2E5C1D68CCC8A91A774F4BC7678DF8
2022-12-01 00:44:44.847  8809-8809  AirPods                 com.dosse.airpods                    D  -79db
2022-12-01 00:44:44.848  8809-8809  AirPods                 com.dosse.airpods                    D  String: 0719010E200B888F000004285EC05CA54E20C92AB5EDE6C0A028BE
2022-12-01 00:44:45.248  8809-8839  AirPods                 com.dosse.airpods                    D  Left: 9$ Right: 9$ Case: 15 Model: airpodspro
2022-12-01 00:44:46.283  8809-8839  AirPods                 com.dosse.airpods                    D  Left: 9$ Right: 9$ Case: 15 Model: airpodspro
2022-12-01 00:44:47.312  8809-8839  AirPods                 com.dosse.airpods                    D  Left: 9$ Right: 9$ Case: 15 Model: airpodspro
2022-12-01 00:44:48.343  8809-8839  AirPods                 com.dosse.airpods                    D  Left: 9$ Right: 9$ Case: 15 Model: airpodspro
2022-12-01 00:44:49.355  8809-8839  AirPods                 com.dosse.airpods                    D  Left: 9$ Right: 9$ Case: 15 Model: airpodspro
2022-12-01 00:44:50.364  8809-8809  AirPods                 com.dosse.airpods                    D  -59db
2022-12-01 00:44:50.365  8809-8809  AirPods                 com.dosse.airpods                    D  String: 0719010E200B998F010004CB2E5C1D68CCC8A91A774F4BC7678DF8
2022-12-01 00:44:50.367  8809-8809  AirPods                 com.dosse.airpods                    D  -79db
2022-12-01 00:44:50.368  8809-8809  AirPods                 com.dosse.airpods                    D  String: 0719010E200B888F000004285EC05CA54E20C92AB5EDE6C0A028BE
2022-12-01 00:44:50.373  8809-8839  AirPods                 com.dosse.airpods                    D  Left: 9$ Right: 9$ Case: 15 Model: airpodspro
2022-12-01 00:44:51.398  8809-8839  AirPods                 com.dosse.airpods                    D  Left: 9$ Right: 9$ Case: 15 Model: airpodspro
2022-12-01 00:44:52.449  8809-8839  AirPods                 com.dosse.airpods                    D  Left: 9$ Right: 9$ Case: 15 Model: airpodspro
2022-12-01 00:44:53.498  8809-8839  AirPods                 com.dosse.airpods                    D  Left: 9$ Right: 9$ Case: 15 Model: airpodspro
2022-12-01 00:44:54.550  8809-8839  AirPods                 com.dosse.airpods                    D  Left: 9$ Right: 9$ Case: 15 Model: airpodspro
2022-12-01 00:44:55.586  8809-8839  AirPods                 com.dosse.airpods                    D  Left: 9$ Right: 9$ Case: 15 Model: airpodspro
2022-12-01 00:44:55.881  8809-8809  AirPods                 com.dosse.airpods                    D  -66db
2022-12-01 00:44:55.884  8809-8809  AirPods                 com.dosse.airpods                    D  String: 0719010E200B998F010004CB2E5C1D68CCC8A91A774F4BC7678DF8
2022-12-01 00:44:55.884  8809-8809  AirPods                 com.dosse.airpods                    D  -78db
2022-12-01 00:44:55.886  8809-8809  AirPods                 com.dosse.airpods                    D  String: 0719010E200B888F000004285EC05CA54E20C92AB5EDE6C0A028BE
2022-12-01 00:44:56.632  8809-8839  AirPods                 com.dosse.airpods                    D  Left: 9$ Right: 9$ Case: 15 Model: airpodspro
2022-12-01 00:44:57.683  8809-8839  AirPods                 com.dosse.airpods                    D  Left: 9$ Right: 9$ Case: 15 Model: airpodspro
2022-12-01 00:44:58.732  8809-8839  AirPods                 com.dosse.airpods                    D  Left: 9$ Right: 9$ Case: 15 Model: airpodspro
2022-12-01 00:44:59.783  8809-8839  AirPods                 com.dosse.airpods                    D  Left: 9$ Right: 9$ Case: 15 Model: airpodspro
2022-12-01 00:45:00.837  8809-8839  AirPods                 com.dosse.airpods                    D  Left: 9$ Right: 9$ Case: 15 Model: airpodspro
2022-12-01 00:45:01.404  8809-8809  AirPods                 com.dosse.airpods                    D  -83db
2022-12-01 00:45:01.406  8809-8809  AirPods                 com.dosse.airpods                    D  String: 0719010E200B888F000004285EC05CA54E20C92AB5EDE6C0A028BE
2022-12-01 00:45:01.406  8809-8809  AirPods                 com.dosse.airpods                    D  -65db
2022-12-01 00:45:01.407  8809-8809  AirPods                 com.dosse.airpods                    D  String: 0719010E200B998F010004CB2E5C1D68CCC8A91A774F4BC7678DF8
2022-12-01 00:45:01.407  8809-8809  AirPods                 com.dosse.airpods                    D  -81db
2022-12-01 00:45:01.408  8809-8809  AirPods                 com.dosse.airpods                    D  String: 0719010E200B888F00000577A45D5236F1D071595491D6BA1D71D1
2022-12-01 00:45:01.408  8809-8809  AirPods                 com.dosse.airpods                    D  -82db
2022-12-01 00:45:01.410  8809-8809  AirPods                 com.dosse.airpods                    D  String: 0719010E200B888F000005E55EAE966F94F628DE1D9EE7E7576E06
2022-12-01 00:45:01.886  8809-8839  AirPods                 com.dosse.airpods                    D  Left: 9$ Right: 9$ Case: 15 Model: airpodspro
2022-12-01 00:45:02.936  8809-8839  AirPods                 com.dosse.airpods                    D  Left: 9$ Right: 9$ Case: 15 Model: airpodspro
2022-12-01 00:45:03.987  8809-8839  AirPods                 com.dosse.airpods                    D  Left: 9$ Right: 9$ Case: 15 Model: airpodspro
2022-12-01 00:45:05.038  8809-8839  AirPods                 com.dosse.airpods                    D  Left: 9$ Right: 9$ Case: 15 Model: airpodspro
2022-12-01 00:45:06.088  8809-8839  AirPods                 com.dosse.airpods                    D  Left: 9$ Right: 9$ Case: 15 Model: airpodspro
2022-12-01 00:45:06.919  8809-8809  AirPods                 com.dosse.airpods                    D  -83db
2022-12-01 00:45:06.922  8809-8809  AirPods                 com.dosse.airpods                    D  String: 0719010E200B888F000005E55EAE966F94F628DE1D9EE7E7576E06
2022-12-01 00:45:06.922  8809-8809  AirPods                 com.dosse.airpods                    D  -58db
2022-12-01 00:45:06.925  8809-8809  AirPods                 com.dosse.airpods                    D  String: 0719010E200B998F010004CB2E5C1D68CCC8A91A774F4BC7678DF8
2022-12-01 00:45:07.138  8809-8839  AirPods                 com.dosse.airpods                    D  Left: 9$ Right: 9$ Case: 15 Model: airpodspro
2022-12-01 00:45:08.189  8809-8839  AirPods                 com.dosse.airpods                    D  Left: 9$ Right: 9$ Case: 15 Model: airpodspro
2022-12-01 00:45:09.237  8809-8839  AirPods                 com.dosse.airpods                    D  Left: 9$ Right: 9$ Case: 15 Model: airpodspro
2022-12-01 00:45:10.289  8809-8839  AirPods                 com.dosse.airpods                    D  Left: 9$ Right: 9$ Case: 15 Model: airpodspro
2022-12-01 00:45:11.337  8809-8839  AirPods                 com.dosse.airpods                    D  Left: 9$ Right: 9$ Case: 15 Model: airpodspro
2022-12-01 00:45:12.389  8809-8839  AirPods                 com.dosse.airpods                    D  Left: 9$ Right: 9$ Case: 15 Model: airpodspro
2022-12-01 00:45:12.439  8809-8809  AirPods                 com.dosse.airpods                    D  -79db
2022-12-01 00:45:12.440  8809-8809  AirPods                 com.dosse.airpods                    D  String: 0719010E200B888F00000465329E8DC72042A35B10561E8E9C04C7
2022-12-01 00:45:12.440  8809-8809  AirPods                 com.dosse.airpods                    D  -80db
2022-12-01 00:45:12.442  8809-8809  AirPods                 com.dosse.airpods                    D  String: 0719010E200B888F000005E55EAE966F94F628DE1D9EE7E7576E06
2022-12-01 00:45:12.442  8809-8809  AirPods                 com.dosse.airpods                    D  -64db
2022-12-01 00:45:12.443  8809-8809  AirPods                 com.dosse.airpods                    D  String: 0719010E200B998F010004CB2E5C1D68CCC8A91A774F4BC7678DF8
2022-12-01 00:45:13.441  8809-8839  AirPods                 com.dosse.airpods                    D  Left: 9$ Right: 9$ Case: 15 Model: airpodspro
2022-12-01 00:45:14.493  8809-8839  AirPods                 com.dosse.airpods                    D  Left: 9$ Right: 9$ Case: 15 Model: airpodspro
2022-12-01 00:45:15.542  8809-8839  AirPods                 com.dosse.airpods                    D  Left: 9$ Right: 9$ Case: 15 Model: airpodspro
2022-12-01 00:45:16.589  8809-8839  AirPods                 com.dosse.airpods                    D  Left: 9$ Right: 9$ Case: 15 Model: airpodspro
2022-12-01 00:45:17.639  8809-8839  AirPods                 com.dosse.airpods                    D  Left: 9$ Right: 9$ Case: 15 Model: airpodspro
2022-12-01 00:45:17.950  8809-8809  AirPods                 com.dosse.airpods                    D  -61db
2022-12-01 00:45:17.951  8809-8809  AirPods                 com.dosse.airpods                    D  String: 0719010E200B998F010004CB2E5C1D68CCC8A91A774F4BC7678DF8
2022-12-01 00:45:17.952  8809-8809  AirPods                 com.dosse.airpods                    D  -79db
2022-12-01 00:45:17.953  8809-8809  AirPods                 com.dosse.airpods                    D  String: 0719010E200B888F00000465329E8DC72042A35B10561E8E9C04C7
2022-12-01 00:45:17.953  8809-8809  AirPods                 com.dosse.airpods                    D  -80db
2022-12-01 00:45:17.954  8809-8809  AirPods                 com.dosse.airpods                    D  String: 0719010E200B888F0000054BF8C57C23FACE5C1842436711823C62
2022-12-01 00:45:18.690  8809-8839  AirPods                 com.dosse.airpods                    D  Left: 9$ Right: 9$ Case: 15 Model: airpodspro
2022-12-01 00:45:19.743  8809-8839  AirPods                 com.dosse.airpods                    D  Left: 9$ Right: 9$ Case: 15 Model: airpodspro
2022-12-01 00:45:20.795  8809-8839  AirPods                 com.dosse.airpods                    D  Left: 9$ Right: 9$ Case: 15 Model: airpodspro
2022-12-01 00:45:21.843  8809-8839  AirPods                 com.dosse.airpods                    D  Left: 9$ Right: 9$ Case: 15 Model: airpodspro
2022-12-01 00:45:22.893  8809-8839  AirPods                 com.dosse.airpods                    D  Left: 9$ Right: 9$ Case: 15 Model: airpodspro
2022-12-01 00:45:23.468  8809-8809  AirPods                 com.dosse.airpods                    D  -79db
2022-12-01 00:45:23.471  8809-8809  AirPods                 com.dosse.airpods                    D  String: 0719010E200B888F0000041980313A4F8D237E61FBF5F37BB2EE76
2022-12-01 00:45:23.471  8809-8809  AirPods                 com.dosse.airpods                    D  -65db
2022-12-01 00:45:23.473  8809-8809  AirPods                 com.dosse.airpods                    D  String: 0719010E200B998F010004CB2E5C1D68CCC8A91A774F4BC7678DF8
2022-12-01 00:45:23.474  8809-8809  AirPods                 com.dosse.airpods                    D  -82db
2022-12-01 00:45:23.477  8809-8809  AirPods                 com.dosse.airpods                    D  String: 0719010E200B888F0000054BF8C57C23FACE5C1842436711823C62
2022-12-01 00:45:23.944  8809-8839  AirPods                 com.dosse.airpods                    D  Left: 9$ Right: 9$ Case: 15 Model: airpodspro
2022-12-01 00:45:25.002  8809-8839  AirPods                 com.dosse.airpods                    D  Left: 9$ Right: 9$ Case: 15 Model: airpodspro
2022-12-01 00:45:26.057  8809-8839  AirPods                 com.dosse.airpods                    D  Left: 9$ Right: 9$ Case: 15 Model: airpodspro
2022-12-01 00:45:27.111  8809-8839  AirPods                 com.dosse.airpods                    D  Left: 9$ Right: 9$ Case: 15 Model: airpodspro
2022-12-01 00:45:28.169  8809-8839  AirPods                 com.dosse.airpods                    D  Left: 9$ Right: 9$ Case: 15 Model: airpodspro
2022-12-01 00:45:28.995  8809-8809  AirPods                 com.dosse.airpods                    D  -83db
2022-12-01 00:45:28.998  8809-8809  AirPods                 com.dosse.airpods                    D  String: 0719010E200B888F000005AEF23D852BD1947A848C63F19FD31C72
2022-12-01 00:45:28.998  8809-8809  AirPods                 com.dosse.airpods                    D  -63db
2022-12-01 00:45:29.001  8809-8809  AirPods                 com.dosse.airpods                    D  String: 0719010E200B998F010004CB2E5C1D68CCC8A91A774F4BC7678DF8
2022-12-01 00:45:29.001  8809-8809  AirPods                 com.dosse.airpods                    D  -77db
2022-12-01 00:45:29.004  8809-8809  AirPods                 com.dosse.airpods                    D  String: 0719010E200B888F0000041980313A4F8D237E61FBF5F37BB2EE76
2022-12-01 00:45:29.225  8809-8839  AirPods                 com.dosse.airpods                    D  Left: 9$ Right: 9$ Case: 15 Model: airpodspro
2022-12-01 00:45:30.278  8809-8839  AirPods                 com.dosse.airpods                    D  Left: 9$ Right: 9$ Case: 15 Model: airpodspro
---------------------------- PROCESS ENDED (8809) for package com.dosse.airpods ----------------------------
2022-12-01 00:45:30.736  8364-8364  studio.deploy           pid-8364                             E  Could not remove dir '/data/data/com.dosse.airpods/code_cache/.ll/': No such file or directory
2022-12-01 00:45:31.063  8906-8906  ziparchive              com.dosse.airpods                    W  Unable to open '/data/data/com.dosse.airpods/code_cache/.overlay/base.apk/classes5.dm': No such file or directory
2022-12-01 00:45:31.064  8906-8906  ziparchive              com.dosse.airpods                    W  Unable to open '/data/data/com.dosse.airpods/code_cache/.overlay/base.apk/classes6.dm': No such file or directory
2022-12-01 00:45:31.064  8906-8906  ziparchive              com.dosse.airpods                    W  Unable to open '/data/app/~~1NhKEDHhf8W0aoNqEnfIxA==/com.dosse.airpods-yZthjoZe_cNyN07_N9ICeQ==/base.dm': No such file or directory
2022-12-01 00:45:31.064  8906-8906  ziparchive              com.dosse.airpods                    W  Unable to open '/data/app/~~1NhKEDHhf8W0aoNqEnfIxA==/com.dosse.airpods-yZthjoZe_cNyN07_N9ICeQ==/base.dm': No such file or directory
---------------------------- PROCESS STARTED (8906) for package com.dosse.airpods ----------------------------
2022-12-01 00:45:31.136  8906-8906  GraphicsEnvironment     com.dosse.airpods                    V  GLES system driver is 'adreno'
2022-12-01 00:45:31.137  8906-8906  GraphicsEnvironment     com.dosse.airpods                    V  Legacy GLES driver is 'adreno'
2022-12-01 00:45:31.137  8906-8906  GraphicsEnvironment     com.dosse.airpods                    V  Currently set values for:
2022-12-01 00:45:31.137  8906-8906  GraphicsEnvironment     com.dosse.airpods                    V    angle_gl_driver_selection_pkgs = []
2022-12-01 00:45:31.137  8906-8906  GraphicsEnvironment     com.dosse.airpods                    V    angle_gl_driver_selection_values =[]
2022-12-01 00:45:31.137  8906-8906  GraphicsEnvironment     com.dosse.airpods                    V  getDriverForPackage(): No per-application setting
2022-12-01 00:45:31.137  8906-8906  GraphicsEnvironment     com.dosse.airpods                    V  ANGLE GameManagerService for com.dosse.airpods: false
2022-12-01 00:45:31.137  8906-8906  GraphicsEnv             com.dosse.airpods                    I  Using the (system) Legacy GLES driver for package 'com.dosse.airpods'
2022-12-01 00:45:31.137  8906-8906  GraphicsEnvironment     com.dosse.airpods                    V  Neither updatable production driver nor prerelease driver is supported.
2022-12-01 00:45:31.140  8906-8906  NetworkSecurityConfig   com.dosse.airpods                    D  No Network Security Config specified, using platform default
2022-12-01 00:45:31.141  8906-8906  NetworkSecurityConfig   com.dosse.airpods                    D  No Network Security Config specified, using platform default
2022-12-01 00:45:31.206  8906-8906  m.dosse.airpods         com.dosse.airpods                    W  Accessing hidden method Landroid/view/View;->computeFitSystemWindows(Landroid/graphics/Rect;Landroid/graphics/Rect;)Z (unsupported, reflection, allowed)
2022-12-01 00:45:31.206  8906-8906  m.dosse.airpods         com.dosse.airpods                    W  Accessing hidden method Landroid/view/ViewGroup;->makeOptionalFitsSystemWindows()V (unsupported, reflection, allowed)
2022-12-01 00:45:31.208  8906-8906  Compatibil...geReporter com.dosse.airpods                    D  Compat change id reported: 210923482; UID 10347; state: ENABLED
2022-12-01 00:45:31.258  8906-8906  Compatibil...geReporter com.dosse.airpods                    D  Compat change id reported: 160794467; UID 10347; state: ENABLED
2022-12-01 00:45:31.266  8906-8906  AirPods                 com.dosse.airpods                    D  START SCANNER
2022-12-01 00:45:31.270  8906-8906  BluetoothAdapter        com.dosse.airpods                    D  isLeEnabled(): ON
2022-12-01 00:45:31.274  8906-8920  BluetoothLeScanner      com.dosse.airpods                    D  onScannerRegistered() - status=0 scannerId=3 mScannerId=0
2022-12-01 00:45:31.298  8906-8926  AdrenoGLES-0            com.dosse.airpods                    I  QUALCOMM build                   : f3aa497c33, I7c31881d50
                                                                                                    Build Date                       : 12/16/21
                                                                                                    OpenGL ES Shader Compiler Version: EV031.35.01.11
                                                                                                    Local Branch                     : 
                                                                                                    Remote Branch                    : 
                                                                                                    Remote Branch                    : 
                                                                                                    Reconstruct Branch               : 
2022-12-01 00:45:31.298  8906-8926  AdrenoGLES-0            com.dosse.airpods                    I  Build Config                     : S P 10.0.7 AArch64
2022-12-01 00:45:31.298  8906-8926  AdrenoGLES-0            com.dosse.airpods                    I  Driver Path                      : /vendor/lib64/egl/libGLESv2_adreno.so
2022-12-01 00:45:31.303  8906-8926  AdrenoGLES-0            com.dosse.airpods                    I  PFP: 0x016dc094, ME: 0x00000000
2022-12-01 00:45:31.318  8906-8932  Gralloc4                com.dosse.airpods                    I  Adding additional valid usage bits: 0x8202000
2022-12-01 00:45:31.327  8906-8926  Parcel                  com.dosse.airpods                    W  Expecting binder but got null!
2022-12-01 00:45:31.366  8906-8922  BluetoothHeadset        com.dosse.airpods                    D  Proxy object connected
2022-12-01 00:45:31.373  8906-8906  AirPods                 com.dosse.airpods                    D  BT PROXY SERVICE CONNECTED 
2022-12-01 00:45:31.378  8906-8906  AirPods                 com.dosse.airpods                    D  BT PROXY: AIRPODS ALREADY CONNECTED
2022-12-01 00:45:36.797  8906-8906  AirPods                 com.dosse.airpods                    D  -83db
2022-12-01 00:45:36.805  8906-8906  AirPods                 com.dosse.airpods                    D  String: 0719010E200B888F0000049C02FFE3ADE4A7C83ED90F09F022A05E
2022-12-01 00:45:36.806  8906-8906  AirPods                 com.dosse.airpods                    D  -68db
2022-12-01 00:45:36.814  8906-8906  AirPods                 com.dosse.airpods                    D  String: 0719010E200B998F010004CB2E5C1D68CCC8A91A774F4BC7678DF8
2022-12-01 00:45:42.320  8906-8906  AirPods                 com.dosse.airpods                    D  -77db
2022-12-01 00:45:42.329  8906-8906  AirPods                 com.dosse.airpods                    D  String: 0719010E200B888F000004CB696D3DCA91E14B76B54E3CD0BEFB6B
2022-12-01 00:45:42.329  8906-8906  AirPods                 com.dosse.airpods                    D  -67db
2022-12-01 00:45:42.337  8906-8906  AirPods                 com.dosse.airpods                    D  String: 0719010E200B998F010004CB2E5C1D68CCC8A91A774F4BC7678DF8
2022-12-01 00:45:47.832  8906-8906  AirPods                 com.dosse.airpods                    D  -79db
2022-12-01 00:45:47.841  8906-8906  AirPods                 com.dosse.airpods                    D  String: 0719010E200B888F000004CB696D3DCA91E14B76B54E3CD0BEFB6B
2022-12-01 00:45:47.841  8906-8906  AirPods                 com.dosse.airpods                    D  -64db
2022-12-01 00:45:47.848  8906-8906  AirPods                 com.dosse.airpods                    D  String: 0719010E200B998F010004CB2E5C1D68CCC8A91A774F4BC7678DF8
2022-12-01 00:45:53.356  8906-8906  AirPods                 com.dosse.airpods                    D  -63db
2022-12-01 00:45:53.363  8906-8906  AirPods                 com.dosse.airpods                    D  String: 0719010E200B998F010004CB2E5C1D68CCC8A91A774F4BC7678DF8
2022-12-01 00:45:53.364  8906-8906  AirPods                 com.dosse.airpods                    D  -77db
2022-12-01 00:45:53.370  8906-8906  AirPods                 com.dosse.airpods                    D  String: 0719010E200B888F000004CB696D3DCA91E14B76B54E3CD0BEFB6B
2022-12-01 00:45:58.871  8906-8906  AirPods                 com.dosse.airpods                    D  -77db
2022-12-01 00:45:58.877  8906-8906  AirPods                 com.dosse.airpods                    D  String: 0719010E200B888F000004CB696D3DCA91E14B76B54E3CD0BEFB6B
2022-12-01 00:45:58.877  8906-8906  AirPods                 com.dosse.airpods                    D  -59db
2022-12-01 00:45:58.883  8906-8906  AirPods                 com.dosse.airpods                    D  String: 0719010E200B998F010004CB2E5C1D68CCC8A91A774F4BC7678DF8
2022-12-01 00:45:59.253  8906-8918  System                  com.dosse.airpods                    W  A resource failed to call close. 
2022-12-01 00:46:04.393  8906-8906  AirPods                 com.dosse.airpods                    D  -56db
2022-12-01 00:46:04.399  8906-8906  AirPods                 com.dosse.airpods                    D  String: 0719010E200B998F010004CB2E5C1D68CCC8A91A774F4BC7678DF8
2022-12-01 00:46:04.399  8906-8906  AirPods                 com.dosse.airpods                    D  -75db
2022-12-01 00:46:04.406  8906-8906  AirPods                 com.dosse.airpods                    D  String: 0719010E200B888F00000423C63D98CC089F178446CBF84198D160
2022-12-01 00:46:09.915  8906-8906  AirPods                 com.dosse.airpods                    D  -78db
2022-12-01 00:46:09.921  8906-8906  AirPods                 com.dosse.airpods                    D  String: 0719010E200B888F00000423C63D98CC089F178446CBF84198D160
2022-12-01 00:46:09.921  8906-8906  AirPods                 com.dosse.airpods                    D  -65db
2022-12-01 00:46:09.928  8906-8906  AirPods                 com.dosse.airpods                    D  String: 0719010E200B998F010004CB2E5C1D68CCC8A91A774F4BC7678DF8
2022-12-01 00:46:15.431  8906-8906  AirPods                 com.dosse.airpods                    D  -61db
2022-12-01 00:46:15.437  8906-8906  AirPods                 com.dosse.airpods                    D  String: 0719010E200B998F010004CB2E5C1D68CCC8A91A774F4BC7678DF8
2022-12-01 00:46:15.437  8906-8906  AirPods                 com.dosse.airpods                    D  -64db
2022-12-01 00:46:15.444  8906-8906  AirPods                 com.dosse.airpods                    D  String: 0719010E200B998F010004E52C14BE47872C4AEEBAC49FB767A01E
2022-12-01 00:46:15.444  8906-8906  AirPods                 com.dosse.airpods                    D  -79db
2022-12-01 00:46:15.450  8906-8906  AirPods                 com.dosse.airpods                    D  String: 0719010E200B888F00000423C63D98CC089F178446CBF84198D160

